  ADDR B1 B2 B3 B4 D:\Downloads\CajaRegistradora\CajaRegistradora.  PAGE       1

                   **********************************
                   *        CAJA REGISTRADORA       *
                   **********************************
                   PACTL  EQU   $1026
                   PACNT  EQU   $1027
                   ADCTL  EQU   $1030
                   ADR1   EQU   $1031
                   ADR2   EQU   $1032
                   ADR3   EQU   $1033
                   ADR4   EQU   $1034
                   OPTION EQU   $1039

                   PORTA  EQU   $1000
                   PORTD  EQU   $1008
                   PORTE  EQU   $100A
                   PORTG  EQU   $1002

                   DDRA   EQU   $1001
                   DDRD   EQU   $1009
                   DDRG   EQU   $1003

                   TMSK2  EQU   $1024
                   TFLG2  EQU   $1025

                   SCDR   EQU   $102F
                   SCCR2  EQU   $102D
                   SCSR   EQU   $102E
                   SCCR1  EQU   $102C
                   BAUD   EQU   $102B
                   HPRIO  EQU   $103C
                   SPCR   EQU   $1028
                   CSCTL  EQU   $105D
                   OPT2   EQU   $1038

                   C50    EQU   $0032
                   C10    EQU   $000A

                   DIR_BASE EQU  $0060

                   ***********************************
                   *     DECLARACION DE VARIABLES    *
                   ***********************************
                   ORDEN  EQU   $0000      * VARIABLE PARA LEER EL PUERTO SERIAL
                   VAR    EQU   $0001  * ESTA NO SE PARA QUE LA VAYAMOS A
.                  UTILIZAR

                   A      EQU   $0202      * CONTADOR DE ARTICULAS 'A'
                   AU     EQU   $0206  * UNIDADES DE 'A'
                   AD     EQU   $0205  * DECENAS DE 'A'
                   AC     EQU   $0204  * CENTENAS DE 'A'
                   TA     EQU   $0207  * TOTAL DE 'A'

                   B      EQU   $0212      * CONTADOR DE ARTICULOS 'B'
                   BD     EQU   $0216  * DECENAS DE 'B'
                   BC     EQU   $0215  * CENTENAS DE 'B'
                   BUM    EQU   $0214  * UNIDADES DE MILLAR DE 'B'
                   TB     EQU   $0217  * TOTAL DE 'B'

                   C      EQU   $0222      * CONTADOR DE ARTICULOS 'C'
                   CD     EQU   $0226  * DECENAS DE 'C'
                   CC     EQU   $0225  * CENTENAS DE 'C'
                   CUM    EQU   $0224  * UNIDADES DE MILLAR DE 'C'
                   TC     EQU   $0227  * TOTAL DE 'C'

                   D      EQU   $0232  * CONTADOR DE ARTICULOS 'D'
  ADDR B1 B2 B3 B4 D:\Downloads\CajaRegistradora\CajaRegistradora.  PAGE       2

                   DC     EQU   $0236  * CENTENAS DE 'D'
                   DUM    EQU   $0235  * UNIDADES DE MILLAR DE 'D'
                   DDM    EQU   $0234  * DECENAS DE MILLAR DE 'D'
                   TD     EQU   $0237  * TOTAL DE 'D'

                   E      EQU   $0242  * CONTADOR DE ARTICULOS 'E'
                   EC     EQU   $0246  * CENTENAS DE 'E'
                   EUM    EQU   $0245  * UNIDADES DE MILLAR DE 'E'
                   EDM    EQU   $0244  * DECENAS DE MILLAR DE 'E'
                   TE     EQU   $0247  * TOTAL DE 'E'

                   F      EQU   $0252      * CONTADOR DE ARTICULOS 'F'
                   FUM    EQU   $0256  * UNIDADES DE MILLAR DE 'F'
                   FDM    EQU   $0255  * DECENAS DE MILLAR DE 'F'
                   FCM    EQU   $0254  * CENTENAS  DE MILLAR DE 'F'
                   TF     EQU   $0257  * TOTAL DE 'F'

                   G      EQU   $0262      * CONTADOR DE ARTICULOS 'G'
                   GUM    EQU   $0266  * UNIDADES DE MILLAR DE 'G'
                   GDM    EQU   $0265  * DECENAS DE MILLAR DE 'G'
                   GCM    EQU   $0264  * CENTENAS  DE MILLAR DE 'G'
                   TG     EQU   $0267  * TOTAL DE 'G'

                   H      EQU   $0272      * CONTADOR DE ARTICULOS 'H'
                   HDM    EQU   $0276  * DECENAS DE MILLAR DE 'H'
                   HCM    EQU   $0275  * CENTENAS  DE MILLAR DE 'H'
                   HUMI   EQU   $0274  * UNIDADES DE MILLON DE 'H'
                   TH     EQU   $0277  * TOTAL DE 'H'

                   I      EQU   $0282      * CONTADOR DE ARTICULOS 'I'
                   IDM    EQU   $0287  * DECENAS DE MILLAR DE 'I'
                   ICM    EQU   $0286  * CENTENAS  DE MILLAR DE 'I'
                   IUMI   EQU   $0285  * UNIDADES DE MILLON DE 'I'
                   IDMI   EQU   $0284  * DECENAS DE MILLON DE 'I'
                   TI     EQU   $0288  * TOTAL DE 'I'

                   J      EQU   $0292  * CONTADOR DE ARTICULOS 'J'
                   JCM    EQU   $0296  * CENTENAS  DE MILLAR DE 'J'
                   JUMI   EQU   $0295  * UNIDADES DE MILLON DE 'J'
                   JDMI   EQU   $0294  * DECENAS DE MILLON DE 'J'
                   TJ     EQU   $0297  * TOTAL DE 'J'

                   ARTT   EQU   $0300      * ARTT es el total de art?ulos

                   UT     EQU   $0017      * TOTAL EN BCD (UNIDADES, DECENAS,
.                  CENTENAS, ...)
                   DT     EQU   $0016
                   CT     EQU   $0015
                   UMT    EQU   $0014
                   DMT    EQU   $0013
                   CMT    EQU   $0012
                   UMIT   EQU   $0011
                   DMIT   EQU   $0010

                   TOTAL  EQU   $0050
                   SIGNO  EQU   $0002

                   DIR_IMP EQU  $007B

                   ***********************************
                   *      VARIABLES PARA ERROR       *
                   ***********************************

                   ERR1   EQU   $0030
                   ERR2   EQU   $0031
  ADDR B1 B2 B3 B4 D:\Downloads\CajaRegistradora\CajaRegistradora.  PAGE       3

                   ERR3   EQU   $0032
                   ERR4   EQU   $0033
                   ERR5   EQU   $0034
                   ERR6   EQU   $0035
                   ERR7   EQU   $0036
                   ERR8   EQU   $0037
                   BCD1   EQU   $0060
                   BCD2   EQU   $0061
                   BCD3   EQU   $0062

                   ***********************************
                   *      INICIO DEL PROGRAMA        *
                   ***********************************

                          ORG   $4000

  4000 4E 55 45 56 NUEVE   FCC   "NUEVEn"
. 4004 45 6E
  4006 4F 43 48 4F OCHO    FCC   "OCHOn"
. 400A 6E
  400B 53 49 45 54 SIETE   FCC   "SIETEn"
. 400F 45 6E
  4011 53 45 49 53 SEIS    FCC   "SEISn"
. 4015 6E
  4016 43 49 4E 43 CINCO   FCC   "CINCOn"
. 401A 4F 6E
  401C 43 55 41 54 CUATRO  FCC   "CUATROn"
. 4020 52 4F 6E
  4023 54 52 45 53 TRES    FCC   "TRESn"
. 4027 6E
  4028 44 4F 53 6E DOS     FCC   "DOSn"
  402C 4D 49 4C 6E MIL             FCC   "MILn"
  4030 4D 49 4C 4C MILLONES FCC  "MILLONESn"
. 4034 4F 4E 45 53
. 4038 6E
  4039 4E 4F 56 45 NOVECIENTOS     FCC   "NOVECIENTOSn"
. 403D 43 49 45 4E
. 4041 54 54 53 6E
  4045 4F 43 48 4F OCHOCIENTOS     FCC   "OCHOCIENTOSn"
. 4049 43 49 45 4E
. 404D 54 4F 53 6E
  4051 53 45 54 45 SETECIENTOS     FCC   "SETECIENTOSn"
. 4055 43 49 45 4E
. 4059 54 4F 53 6E
  405D 53 45 49 53 SEISCIENTOS     FCC   "SEISCIENTOSn"
. 4061 43 49 45 4E
. 4065 54 4F 53 6E
  4069 51 55 49 4E QUINIENTOS      FCC   "QUINIENTOSn"
. 406D 49 45 4E 54
. 4071 4F 53 6E
  4074 43 55 41 54 CUATROCIENTOS   FCC   "CUATROCIENTOSn"
. 4078 52 4F 43 49
. 407C 45 4E 54 4F
. 4080 53 6E
  4082 54 52 45 53 TRESCIENTOS     FCC   "TRESCIENTOSn"
. 4086 43 49 45 4E
. 408A 54 4F 53 6E
  408E 44 4F 53 43 DOSCIENTOS      FCC   "DOSCIENTOSn"
. 4092 49 45 4E 54
. 4096 4F 53 6E
  4099 43 49 45 4E CIENTO          FCC   "CIENTOn"
. 409D 54 4F 6E
  40A0 43 49 45 4E CIEN            FCC   "CIENn"
. 40A4 6E
  40A5 4E 4F 56 45 NOVENTA         FCC   "NOVENTAn"
  ADDR B1 B2 B3 B4 D:\Downloads\CajaRegistradora\CajaRegistradora.  PAGE       4

. 40A9 4E 54 41 6E
  40AD 4F 43 48 45 OCHENTA         FCC   "OCHENTAn"
. 40B1 4E 54 41 6E
  40B5 53 45 54 45 SETENTA         FCC   "SETENTAn"
. 40B9 4E 54 41 6E
  40BD 53 45 53 45 SESENTA         FCC   "SESENTAn"
. 40C1 4E 54 41 6E
  40C5 43 49 4E 43 CINCUENTA       FCC   "CINCUENTAn"
. 40C9 55 45 4E 54
. 40CD 41 6E
  40CF 43 55 41 52 CUARENTA        FCC   "CUARENTAn"
. 40D3 45 4E 54 41
. 40D7 6E
  40D8 54 52 45 49 TREINTA         FCC   "TREINTAn"
. 40DC 4E 54 41 6E
  40E0 56 45 49 4E VEINTE          FCC   "VEINTEn"
. 40E4 54 45 6E
  40E7 44 49 45 5A DIEZ    FCC   "DIEZn"
. 40EB 6E
  40EC 56 45 49 4E VEINTICINCO     FCC   "VEINTICINCOn"
. 40F0 54 49 43 49
. 40F4 4E 43 4F 6E
  40F8 51 55 49 4E QUINCE          FCC   "QUINCEn"
. 40FC 43 45 6E
  40FF 59 20 43 49 Y_CINCO         FCC   "Y CINCOn"
. 4103 4E 43 4F 6E
  4107 50 45 53 4F PESOS           FCC   "PESOSn"
. 410B 53 6E

                   INICIO
  410D 8E 00 EE        LDS   #$00EE
  4110 BD 45 D7        JSR   SERIAL

                   LIMPIAR
  4113 7F 02 B0            CLR $02B0
  4116 7F 02 B1            CLR $02B1
  4119 7F 02 B3            CLR $02B3
  411C 7F 02 B4            CLR $02B4
  411F 7F 02 03            CLR $0203
  4122 7F 02 02            CLR A
  4125 7F 02 06            CLR AU
  4128 7F 02 05            CLR AD
  412B 7F 02 04            CLR AC
  412E 7F 02 07            CLR TA
  4131 7F 02 13            CLR $0213
  4134 7F 02 12            CLR B
  4137 7F 02 16            CLR BD
  413A 7F 02 15            CLR BC
  413D 7F 02 14            CLR BUM
  4140 7F 02 17            CLR TB
  4143 7F 02 23            CLR $0223
  4146 7F 02 22            CLR C
  4149 7F 02 26            CLR CD
  414C 7F 02 25            CLR CC
  414F 7F 02 24            CLR CUM
  4152 7F 02 27            CLR TC
  4155 7F 02 33            CLR $0233
  4158 7F 02 32            CLR D
  415B 7F 02 36            CLR DC
  415E 7F 02 35            CLR DUM
  4161 7F 02 34            CLR DDM
  4164 7F 02 37            CLR TD
  4167 7F 02 43            CLR $0243
  416A 7F 02 42            CLR E
  416D 7F 02 46            CLR EC
  ADDR B1 B2 B3 B4 D:\Downloads\CajaRegistradora\CajaRegistradora.  PAGE       5

  4170 7F 02 45            CLR EUM
  4173 7F 02 44            CLR EDM
  4176 7F 02 47            CLR TE
  4179 7F 02 53            CLR $0253
  417C 7F 02 52            CLR F
  417F 7F 02 56            CLR FUM
  4182 7F 02 55            CLR FDM
  4185 7F 02 54            CLR FCM
  4188 7F 02 57            CLR TF
  418B 7F 02 63            CLR $0263
  418E 7F 02 62            CLR G
  4191 7F 02 66            CLR GUM
  4194 7F 02 65            CLR GDM
  4197 7F 02 64            CLR GCM
  419A 7F 02 67            CLR TG
  419D 7F 02 73            CLR $0273
  41A0 7F 02 72            CLR H
  41A3 7F 02 76            CLR HDM
  41A6 7F 02 75            CLR HCM
  41A9 7F 02 74            CLR HUMI
  41AC 7F 02 77            CLR TH
  41AF 7F 02 83            CLR $0283
  41B2 7F 02 82            CLR I
  41B5 7F 02 87            CLR IDM
  41B8 7F 02 86            CLR ICM
  41BB 7F 02 85            CLR IUMI
  41BE 7F 02 84            CLR IDMI
  41C1 7F 02 88            CLR TI
  41C4 7F 02 93            CLR $0293
  41C7 7F 02 92            CLR J
  41CA 7F 02 96            CLR JCM
  41CD 7F 02 95            CLR JUMI
  41D0 7F 02 94            CLR JDMI
  41D3 7F 02 97            CLR TJ
  41D6 7F 00 17            CLR UT
  41D9 7F 00 16            CLR DT
  41DC 7F 00 15            CLR CT
  41DF 7F 00 14            CLR UMT
  41E2 7F 00 13            CLR DMT
  41E5 7F 00 12            CLR CMT
  41E8 7F 00 11            CLR UMIT
  41EB 7F 00 10            CLR DMIT
  41EE 7F 00 50            CLR TOTAL

  41F1 C6 2B               LDAB #'+
  41F3 D7 02               STAB SIGNO
                   ENCICLATE
  41F5 86 3F               LDAA #'?
  41F7 97 00               STAA ORDEN
  41F9 D6 02               LDAB SIGNO
                   CICLO
  41FB 96 00               LDAA ORDEN
  41FD 81 3F               CMPA #'?
  41FF 27 FA               BEQ CICLO
  4201 C1 3F               CMPB #'?
  4203 27 32               BEQ CAMBIAR_SIGNO
  4205 81 4E               CMPA #'N
  4207 27 2B               BEQ PUENTE_LIMPIAR
  4209 81 41               CMPA #'A
  420B 27 60               BEQ MODIFICAR_A
  420D 81 42               CMPA #'B
  420F 27 67               BEQ MODIFICAR_B
  4211 81 43               CMPA #'C
  4213 27 6E               BEQ MODIFICAR_C
  4215 81 44               CMPA #'D
  ADDR B1 B2 B3 B4 D:\Downloads\CajaRegistradora\CajaRegistradora.  PAGE       6

  4217 27 75               BEQ MODIFICAR_D
  4219 81 45               CMPA #'E
  421B 27 7C               BEQ MODIFICAR_E
  421D 81 46               CMPA #'F
  421F 27 3A               BEQ PUENTE_F
  4221 81 47               CMPA #'G
  4223 27 39               BEQ PUENTE_G
  4225 81 48               CMPA #'H
  4227 27 38               BEQ PUENTE_H
  4229 81 49               CMPA #'I
  422B 27 37               BEQ PUENTE_I
  422D 81 4A               CMPA #'J
  422F 27 36               BEQ PUENTE_J
  4231 7E 41 F5            JMP ENCICLATE

                   PUENTE_LIMPIAR
  4234 7E 41 13            JMP LIMPIAR

                   CAMBIAR_SIGNO
  4237 81 2B               CMPA #'+
  4239 27 12               BEQ SUMAR
  423B 81 2D               CMPA #'-
  423D 27 15               BEQ RESTAR
  423F 81 3D               CMPA #'=
  4241 26 B2               BNE ENCICLATE
  4243 7E 43 85            JMP CALCULAR

                   QUITAR_SIGNO
  4246 C6 3F               LDAB #'?
  4248 D7 02               STAB SIGNO
  424A 7E 41 F5            JMP ENCICLATE

                   SUMAR
  424D C6 2B               LDAB #'+
  424F D7 02               STAB SIGNO
  4251 7E 41 F5            JMP ENCICLATE

                   RESTAR
  4254 C6 2D               LDAB #'-
  4256 D7 02               STAB SIGNO
  4258 7E 41 F5            JMP ENCICLATE

                   PUENTE_F
  425B 7E 42 A4            JMP MODIFICAR_F

                   PUENTE_G
  425E 7E 42 AF            JMP MODIFICAR_G

                   PUENTE_H
  4261 7E 42 BA            JMP MODIFICAR_H

                   PUENTE_I
  4264 7E 42 C5            JMP MODIFICAR_I

                   PUENTE_J
  4267 7E 42 D0            JMP MODIFICAR_J

                   PUENTE_ENCICLATE
  426A 7E 41 F5            JMP ENCICLATE

                   MODIFICAR_A
  426D C1 2B               CMPB #'+
  426F 27 6D               BEQ AGREGAR_A
  4271 C1 2D               CMPB #'-
  4273 26 F5               BNE PUENTE_ENCICLATE
  ADDR B1 B2 B3 B4 D:\Downloads\CajaRegistradora\CajaRegistradora.  PAGE       7

  4275 7E 43 35            JMP QUITAR_A

                   MODIFICAR_B
  4278 C1 2B               CMPB #'+
  427A 27 6B               BEQ AGREGAR_B
  427C C1 2D               CMPB #'-
  427E 26 EA               BNE PUENTE_ENCICLATE
  4280 7E 43 3D            JMP QUITAR_B

                   MODIFICAR_C
  4283 C1 2B               CMPB #'+
  4285 27 69               BEQ AGREGAR_C
  4287 C1 2D               CMPB #'-
  4289 26 DF               BNE PUENTE_ENCICLATE
  428B 7E 43 45            JMP QUITAR_C

                   MODIFICAR_D
  428E C1 2B               CMPB #'+
  4290 27 67               BEQ AGREGAR_D
  4292 C1 2D               CMPB #'-
  4294 26 D4               BNE PUENTE_ENCICLATE
  4296 7E 43 4D            JMP QUITAR_D

                   MODIFICAR_E
  4299 C1 2B               CMPB #'+
  429B 27 65               BEQ AGREGAR_E
  429D C1 2D               CMPB #'-
  429F 26 C9               BNE PUENTE_ENCICLATE
  42A1 7E 43 55            JMP QUITAR_E

                   MODIFICAR_F
  42A4 C1 2B               CMPB #'+
  42A6 27 63               BEQ AGREGAR_F
  42A8 C1 2D               CMPB #'-
  42AA 26 BE               BNE PUENTE_ENCICLATE
  42AC 7E 43 5D            JMP QUITAR_F

                   MODIFICAR_G
  42AF C1 2B               CMPB #'+
  42B1 27 61               BEQ AGREGAR_G
  42B3 C1 2D               CMPB #'-
  42B5 26 B3               BNE PUENTE_ENCICLATE
  42B7 7E 43 65            JMP QUITAR_G

                   MODIFICAR_H
  42BA C1 2B               CMPB #'+
  42BC 27 5F               BEQ AGREGAR_H
  42BE C1 2D               CMPB #'-
  42C0 26 A8               BNE PUENTE_ENCICLATE
  42C2 7E 43 6D            JMP QUITAR_H

                   MODIFICAR_I
  42C5 C1 2B               CMPB #'+
  42C7 27 5D               BEQ AGREGAR_I
  42C9 C1 2D               CMPB #'-
  42CB 26 9D               BNE PUENTE_ENCICLATE
  42CD 7E 43 75            JMP QUITAR_I

                   MODIFICAR_J
  42D0 C1 2B               CMPB #'+
  42D2 27 5B               BEQ AGREGAR_J
  42D4 C1 2D               CMPB #'-
  42D6 26 92               BNE PUENTE_ENCICLATE
  42D8 7E 43 7D            JMP QUITAR_J

  ADDR B1 B2 B3 B4 D:\Downloads\CajaRegistradora\CajaRegistradora.  PAGE       8


                   ERROR_A
  42DB BD 45 97            JSR ERROR
                   AGREGAR_A
  42DE 7C 02 02            INC A
  42E1 7E 42 46            JMP QUITAR_SIGNO

                   ERROR_B
  42E4 BD 45 97            JSR ERROR
                   AGREGAR_B
  42E7 7C 02 12            INC B
  42EA 7E 42 46            JMP QUITAR_SIGNO

                   ERROR_C
  42ED BD 45 97            JSR ERROR
                   AGREGAR_C
  42F0 7C 02 22            INC C
  42F3 7E 42 46            JMP QUITAR_SIGNO

                   ERROR_D
  42F6 BD 45 97            JSR ERROR
                   AGREGAR_D
  42F9 7C 02 32            INC D
  42FC 7E 42 46            JMP QUITAR_SIGNO

                   ERROR_E
  42FF BD 45 97            JSR ERROR
                   AGREGAR_E
  4302 7C 02 42            INC E
  4305 7E 42 46            JMP QUITAR_SIGNO

                   ERROR_F
  4308 BD 45 97            JSR ERROR
                   AGREGAR_F
  430B 7C 02 52            INC F
  430E 7E 42 46            JMP QUITAR_SIGNO

                   ERROR_G
  4311 BD 45 97            JSR ERROR
                   AGREGAR_G
  4314 7C 02 62            INC G
  4317 7E 42 46            JMP QUITAR_SIGNO

                   ERROR_H
  431A BD 45 97            JSR ERROR
                   AGREGAR_H
  431D 7C 02 72            INC H
  4320 7E 42 46            JMP QUITAR_SIGNO

                   ERROR_I
  4323 BD 45 97            JSR ERROR
                   AGREGAR_I
  4326 7C 02 82            INC I
  4329 7E 42 46            JMP QUITAR_SIGNO

                   ERROR_J
  432C BD 45 97            JSR ERROR
                   AGREGAR_J
  432F 7C 02 92            INC J
  4332 7E 42 46            JMP QUITAR_SIGNO

                   QUITAR_A
  4335 7A 02 02            DEC A
  4338 2D A1               BLT ERROR_A
  433A 7E 42 46            JMP QUITAR_SIGNO
  ADDR B1 B2 B3 B4 D:\Downloads\CajaRegistradora\CajaRegistradora.  PAGE       9


                   QUITAR_B
  433D 7A 02 12            DEC B
  4340 2D A2               BLT ERROR_B
  4342 7E 42 46            JMP QUITAR_SIGNO

                   QUITAR_C
  4345 7A 02 22            DEC C
  4348 2D A3               BLT ERROR_C
  434A 7E 42 46            JMP QUITAR_SIGNO

                   QUITAR_D
  434D 7A 02 32            DEC D
  4350 2D A4               BLT ERROR_D
  4352 7E 42 46            JMP QUITAR_SIGNO

                   QUITAR_E
  4355 7A 02 42            DEC E
  4358 2D A5               BLT ERROR_E
  435A 7E 42 46            JMP QUITAR_SIGNO

                   QUITAR_F
  435D 7A 02 52            DEC F
  4360 2D A6               BLT ERROR_F
  4362 7E 42 46            JMP QUITAR_SIGNO

                   QUITAR_G
  4365 7A 02 62            DEC G
  4368 2D A7               BLT ERROR_G
  436A 7E 42 46            JMP QUITAR_SIGNO

                   QUITAR_H
  436D 7A 02 72            DEC H
  4370 2D A8               BLT ERROR_H
  4372 7E 42 46            JMP QUITAR_SIGNO

                   QUITAR_I
  4375 7A 02 82            DEC I
  4378 2D A9               BLT ERROR_I
  437A 7E 42 46            JMP QUITAR_SIGNO

                   QUITAR_J
  437D 7A 02 92            DEC J
  4380 2D AA               BLT ERROR_J
  4382 7E 42 46            JMP QUITAR_SIGNO

                   CALCULAR
  4385 BD 45 B8            JSR LIMPIAR_ERROR

  4388 B6 02 02            LDAA A
  438B F6 02 02            LDAB A
  438E BD 45 12            JSR OFERTA_1_50
  4391 FF 02 07            STX TA

  4394 B6 02 12            LDAA B
  4397 F6 02 12            LDAB B
  439A BD 45 2B            JSR OFERTA_1_10
  439D FF 02 17            STX TB

  43A0 B6 02 22            LDAA C
  43A3 F6 02 22            LDAB C
  43A6 BD 45 12            JSR OFERTA_1_50
  43A9 FF 02 27            STX TC

  43AC B6 02 32            LDAA D
  ADDR B1 B2 B3 B4 D:\Downloads\CajaRegistradora\CajaRegistradora.  PAGE      10

  43AF F6 02 32            LDAB D
  43B2 BD 45 2B            JSR OFERTA_1_10
  43B5 FF 02 37            STX TD

  43B8 B6 02 32            LDAA D
  43BB F6 02 32            LDAB D
  43BE BD 45 2B            JSR OFERTA_1_10
  43C1 FF 02 37            STX TD

  43C4 B6 02 42            LDAA E
  43C7 F6 02 42            LDAB E
  43CA BD 45 44            JSR OFERTA_2_50
  43CD FF 02 47            STX TE

  43D0 B6 02 52            LDAA F
  43D3 F6 02 52            LDAB F
  43D6 BD 45 5B            JSR OFERTA_2_10
  43D9 FF 02 57            STX TF

  43DC B6 02 62            LDAA G
  43DF F6 02 62            LDAB G
  43E2 BD 45 44            JSR OFERTA_2_50
  43E5 FF 02 67            STX TG

  43E8 B6 02 72            LDAA H
  43EB F6 02 72            LDAB H
  43EE BD 45 5B            JSR OFERTA_2_10
  43F1 FF 02 77            STX TH

  43F4 F6 02 82            LDAB I
  43F7 F7 02 B2            STAB $02B2
                   CALCULAR_I
  43FA F6 02 B2            LDAB $02B2
  43FD C1 00               CMPB #0
  43FF 27 2C               BEQ SUMAR_PRECIOS_I
  4401 CE 00 02            LDX #2
  4404 02                  IDIV
  4405 1A 83 00 00         CPD #0
  4409 27 11               BEQ MITAD_PRECIO_I
  440B C6 01               LDAB #01
  440D 86 32               LDAA #C50
  440F 3D                  MUL
  4410 F3 02 B0            ADDD $02B0
  4413 FD 02 B0            STD  $02B0
  4416 7A 02 B2            DEC $02B2
  4419 7E 43 FA            JMP CALCULAR_I
                   MITAD_PRECIO_I
  441C 86 19               LDAA #$19
  441E C6 01               LDAB #1
  4420 3D                  MUL
  4421 F3 02 B3            ADDD $02B3
  4424 FD 02 B3            STD  $02B3
  4427 7A 02 B2            DEC $02B2
  442A 7E 43 FA            JMP CALCULAR_I
                   SUMAR_PRECIOS_I
  442D FC 02 B3            LDD $02B3
  4430 F3 02 B0            ADDD $02B0
  4433 FD 02 88            STD TI

  4436 F6 02 92            LDAB J
  4439 F7 02 B2            STAB $02B2
                   CALCULAR_J
  443C F6 02 B2            LDAB $02B2
  443F C1 00               CMPB #0
  4441 27 2C               BEQ SUMAR_PRECIOS_J
  ADDR B1 B2 B3 B4 D:\Downloads\CajaRegistradora\CajaRegistradora.  PAGE      11

  4443 CE 00 02            LDX #2
  4446 02                  IDIV
  4447 1A 83 00 00         CPD #0
  444B 27 11               BEQ MITAD_PRECIO_J
  444D C6 01               LDAB #01
  444F 86 0A               LDAA #C10
  4451 3D                  MUL
  4452 F3 02 B0            ADDD $02B0
  4455 FD 02 B0            STD  $02B0
  4458 7A 02 B2            DEC $02B2
  445B 7E 44 3C            JMP CALCULAR_J
                   MITAD_PRECIO_J
  445E 86 05               LDAA #$5
  4460 C6 01               LDAB #1
  4462 3D                  MUL
  4463 F3 02 B3            ADDD $02B3
  4466 FD 02 B3            STD  $02B3
  4469 7A 02 B2            DEC $02B2
  446C 7E 44 3C            JMP CALCULAR_J
                   SUMAR_PRECIOS_J
  446F FC 02 B3            LDD $02B3
  4472 F3 02 B0            ADDD $02B0
  4475 FD 02 97            STD TJ

                   SEPARAR_A
  4478 FC 02 07            LDD TA
  447B 1A 83 00 00         CPD #0
  447F 27 07               BEQ SEPARAR_B
  4481 18 CE 02 04         LDY #AC
  4485 7E 45 7D            JMP BINBCD_100
                   SEPARAR_B
  4488 FC 02 17            LDD TB
  448B 1A 83 00 00         CPD #0
  448F 27 07               BEQ SEPARAR_C
  4491 18 CE 02 14         LDY #BUM
  4495 7E 45 7D            JMP BINBCD_100
                   SEPARAR_C
  4498 FC 02 27            LDD TC
  449B 1A 83 00 00         CPD #0
  449F 27 07               BEQ SEPARAR_D
  44A1 18 CE 02 24         LDY #CUM
  44A5 7E 45 7D            JMP BINBCD_100
                   SEPARAR_D
  44A8 FC 02 37            LDD TD
  44AB 1A 83 00 00         CPD #0
  44AF 27 07               BEQ SEPARAR_E
  44B1 18 CE 02 34         LDY #DDM
  44B5 7E 45 7D            JMP BINBCD_100
                   SEPARAR_E
  44B8 FC 02 47            LDD TE
  44BB 1A 83 00 00         CPD #0
  44BF 27 07               BEQ SEPARAR_F
  44C1 18 CE 02 44         LDY #EDM
  44C5 7E 45 7D            JMP BINBCD_100
                   SEPARAR_F
  44C8 FC 02 57            LDD TF
  44CB 1A 83 00 00         CPD #0
  44CF 27 07               BEQ SEPARAR_G
  44D1 18 CE 02 54         LDY #FCM
  44D5 7E 45 7D            JMP BINBCD_100
                   SEPARAR_G
  44D8 FC 02 67            LDD TG
  44DB 1A 83 00 00         CPD #0
  44DF 27 07               BEQ SEPARAR_H
  44E1 18 CE 02 64         LDY #GCM
  ADDR B1 B2 B3 B4 D:\Downloads\CajaRegistradora\CajaRegistradora.  PAGE      12

  44E5 7E 45 7D            JMP BINBCD_100
                   SEPARAR_H
  44E8 FC 02 77            LDD TH
  44EB 1A 83 00 00         CPD #0
  44EF 27 07               BEQ SEPARAR_I
  44F1 18 CE 02 74         LDY #HUMI
  44F5 7E 45 7D            JMP BINBCD_100
                   SEPARAR_I
  44F8 FC 02 88            LDD TI
  44FB 1A 83 00 00         CPD #0
  44FF 27 07               BEQ SEPARAR_J
  4501 18 CE 02 84         LDY #IDMI
  4505 7E 45 72            JMP BINBCD_1000
                   SEPARAR_J
  4508 FC 02 97            LDD TJ
  450B 18 CE 02 94         LDY #JDMI
  450F 7E 45 7D            JMP BINBCD_100


                   **************************************************
                   *            SUBRUTINA DE DESCUENTOS             *
                   **************************************************
                   OFERTA_1_50
  4512 5A                  DECB
  4513 5A                  DECB
  4514 5A                  DECB
  4515 5A                  DECB
  4516 2E 08               BGT PROMOCION_1_50
  4518 C6 32               LDAB #C50
  451A 3D                  MUL
  451B CE 00 01            LDX #1
  451E 02                  IDIV
  451F 39                  RTS
                   PROMOCION_1_50
  4520 C6 04               LDAB #4
  4522 1B                  ABA
  4523 C6 32               LDAB #C50
  4525 3D                  MUL
  4526 CE 00 02            LDX #2
  4529 02                  IDIV
  452A 39                  RTS

                   OFERTA_1_10
  452B 5A                  DECB
  452C 5A                  DECB
  452D 5A                  DECB
  452E 5A                  DECB
  452F 2E 08               BGT PROMOCION_1_10
  4531 C6 0A               LDAB #C10
  4533 3D                  MUL
  4534 CE 00 01            LDX #1
  4537 02                  IDIV
  4538 39                  RTS
                   PROMOCION_1_10
  4539 C6 04               LDAB #4
  453B 1B                  ABA
  453C C6 0A               LDAB #C10
  453E 3D                  MUL
  453F CE 00 02            LDX #2
  4542 02                  IDIV
  4543 39                  RTS

                   OFERTA_2_50
  4544 5A                  DECB
  4545 5A                  DECB
  ADDR B1 B2 B3 B4 D:\Downloads\CajaRegistradora\CajaRegistradora.  PAGE      13

  4546 5A                  DECB
  4547 5A                  DECB
  4548 5A                  DECB
  4549 2E 08               BGT PROMOCION_2_50
  454B C6 32               LDAB #C50
  454D 3D                  MUL
  454E CE 00 01            LDX #1
  4551 02                  IDIV
  4552 39                  RTS
                   PROMOCION_2_50
  4553 C6 32               LDAB #C50
  4555 3D                  MUL
  4556 CE 00 02            LDX #2
  4559 02                  IDIV
  455A 39                  RTS

                   OFERTA_2_10
  455B 5A                  DECB
  455C 5A                  DECB
  455D 5A                  DECB
  455E 5A                  DECB
  455F 5A                  DECB
  4560 2E 08               BGT PROMOCION_2_10
  4562 C6 0A               LDAB #C10
  4564 3D                  MUL
  4565 CE 00 01            LDX #1
  4568 02                  IDIV
  4569 39                  RTS
                   PROMOCION_2_10
  456A C6 0A               LDAB #C10
  456C 3D                  MUL
  456D CE 00 02            LDX #2
  4570 02                  IDIV
  4571 39                  RTS

                   **************************************************
                   *      SUBRUTINA PARA SEPARARLO EN UNIDADES      *
                   **************************************************

                   BINBCD_1000
  4572 CE 03 E8            LDX   #$3E8
  4575 02                  IDIV
  4576 8F                  XGDX
  4577 18 E7 00            STAB  $00,Y
  457A 18 08               INY
  457C 8F                  XGDX
                   BINBCD_100
  457D CE 00 64            LDX   #$64
  4580 02                  IDIV
  4581 8F                  XGDX
  4582 18 E7 00            STAB  $00,Y
  4585 18 08               INY
  4587 8F                  XGDX
  4588 CE 00 0A            LDX   #$0A
  458B 02                  IDIV
  458C 8F                  XGDX
  458D 18 E7 00            STAB  $00,Y
  4590 18 08               INY
  4592 8F                  XGDX
  4593 18 E7 00            STAB  $00,Y
  4596 39                  RTS

                   **************************************************
                   *              SUBRUTINA DE ERROR                *
                   **************************************************
  ADDR B1 B2 B3 B4 D:\Downloads\CajaRegistradora\CajaRegistradora.  PAGE      14

                   ERROR
  4597 86 5B               LDAA  #'[
  4599 97 30               STAA  ERR1
  459B 86 2D               LDAA  #'-
  459D 97 31               STAA  ERR2
  459F 86 5D               LDAA  #']
  45A1 97 32               STAA  ERR3
  45A3 86 45               LDAA  #'E
  45A5 97 33               STAA  ERR4
  45A7 86 52               LDAA  #'R
  45A9 97 34               STAA  ERR5
  45AB 86 52               LDAA  #'R
  45AD 97 35               STAA  ERR6
  45AF 86 4F               LDAA  #'O
  45B1 97 36               STAA  ERR7
  45B3 86 52               LDAA  #'R
  45B5 97 37               STAA  ERR8
  45B7 39                  RTS

                   LIMPIAR_ERROR
  45B8 C6 32       ESPERAR LDAB #C50
  45BA 01                  NOP
  45BB 5A                  DECB
  45BC 27 FA               BEQ ESPERAR
  45BE 7F 00 30            CLR  ERR1
  45C1 7F 00 31            CLR  ERR2
  45C4 7F 00 32            CLR  ERR3
  45C7 7F 00 33            CLR  ERR4
  45CA 7F 00 34            CLR  ERR5
  45CD 7F 00 35            CLR  ERR6
  45D0 7F 00 36            CLR  ERR7
  45D3 7F 00 37            CLR  ERR8
  45D6 39                  RTS

                   **************************************************
                   * SUBRUTINA  DE CONFIGURACION PUERTO SERIAL      *
                   **************************************************
                   SERIAL
  45D7 CC 30 2C        LDD   #$302C  * CONFIGURA PUERTO SERIAL
  45DA B7 10 2B        STAA  BAUD    * BAUD  9600  para cristal de 8MHz
  45DD F7 10 2D        STAB  SCCR2   * HABILITA  RX Y TX PERO INTERRUPCN SOLO RX
  45E0 86 00           LDAA  #$00
  45E2 B7 10 2C        STAA  SCCR1   * 8 BITS

  45E5 86 FE           LDAA  #$FE    * CONFIG PUERTO D COMO SALIDAS (EXCEPTO
.                  PD0)
  45E7 B7 10 09        STAA  DDRD    * SEA  ENABLE DEL DISPLAY  PD4  Y RS PD3

  45EA 86 04           LDAA  #$04
  45EC B7 10 3C        STAA  HPRIO

  45EF 86 00           LDAA  #$00
  45F1 06              TAP
  45F2 39              RTS
                   ***********************************
                   * ATENCION A INTERRUPCION SERIAL
                   ***********************************
                       ORG  $F100

  F100 B6 10 2E        LDAA SCSR
  F103 B6 10 2F        LDAA SCDR
  F106 97 00           STAA ORDEN
  F108 7A 00 01        DEC  VAR
  F10B 3B              RTI

  ADDR B1 B2 B3 B4 D:\Downloads\CajaRegistradora\CajaRegistradora.  PAGE      15

                   ***********************************
                   * VECTOR INTERRUPCION SERIAL
                   ***********************************
                       ORG   $FFD6
  FFD6 F1 00           FCB   $F1,$00

                   ***********************************
                   *RESET
                   ***********************************
                       ORG    $FFFE
  FFFE 80 00       RESET  FCB    $80,$00
                   ***********************************


                   ********
                   ***TODO LO SIGUIENTE USA LA DIRECTIVA FCC PARA ESCRIBIR LA
.                  INFROAMCI? DEL TICKET, AL ESTAR AL FINAL NO TIENE EL PROBLEMA
.                  DE IMPRIMIR LOS OPCODES
                   ********
                           ORG   $0040
  0040 54 49 43 4B MSG1    FCC   'TICKET'
. 0044 45 54
                           ORG   $0050
  0050 2D 2D 2D 2D MSG2    FCC   '----------------'
. 0054 2D 2D 2D 2D
. 0058 2D 2D 2D 2D
. 005C 2D 2D 2D 2D
                           ORG   $0100
  0100 2D 2D 2D 2D MSG3    FCC   '----------------'
. 0104 2D 2D 2D 2D
. 0108 2D 2D 2D 2D
. 010C 2D 2D 2D 2D
                           ORG   $0110
  0110 54 4F 54 41 MSG4    FCC   'TOTAL:'
. 0114 4C 3A
                           END

  Symbol Table 

  MSG3               0100
  TI                 0288
  MSG4               0110
  TJ                 0297
  CUARENTA           40CF
  CC                 0225
  CMT                0012
  JUMI               0295
  CD                 0226
  UMIT               0011
  HCM                0275
  CUATROCIENTOS      4074
  TRES               4023
  MITAD_PRECIO_I     441C
  MITAD_PRECIO_J     445E
  CT                 0015
  MODIFICAR_A        426D
  MODIFICAR_B        4278
  MODIFICAR_C        4283
  SEPARAR_A          4478
  MODIFICAR_D        428E
  SEPARAR_B          4488
  MODIFICAR_E        4299
  CIENTO             4099
  SEPARAR_C          4498
  MODIFICAR_F        42A4
  Symbol Table     D:\Downloads\CajaRegistradora\CajaRegistradora.  PAGE      16

  DC                 0236
  SEPARAR_D          44A8
  MODIFICAR_G        42AF
  SERIAL             45D7
  SEPARAR_E          44B8
  MODIFICAR_H        42BA
  SEPARAR_F          44C8
  MODIFICAR_I        42C5
  HDM                0276
  SEPARAR_G          44D8
  MODIFICAR_J        42D0
  OPTION             1039
  SEPARAR_H          44E8
  SEPARAR_I          44F8
  OCHOCIENTOS        4045
  NUEVE              4000
  SEPARAR_J          4508
  UT                 0017
  EUM                0245
  MILLONES           4030
  SETECIENTOS        4051
  DT                 0016
  ERROR              4597
  EDM                0244
  EC                 0246
  BINBCD_100         457D
  BUM                0214
  PUENTE_ENCICLATE   426A
  QUINIENTOS         4069
  SIETE              400B
  A                  0202
  B                  0212
  C                  0222
  D                  0232
  E                  0242
  F                  0252
  LIMPIAR            4113
  G                  0262
  H                  0272
  I                  0282
  J                  0292
  PROMOCION_1_10     4539
  DMIT               0010
  RESTAR             4254
  BINBCD_1000        4572
  DIR_BASE           0060
  CSCTL              105D
  PACTL              1026
  PUENTE_F           425B
  PUENTE_G           425E
  PUENTE_H           4261
  PUENTE_I           4264
  IDMI               0284
  PUENTE_J           4267
  TMSK2              1024
  SCCR1              102C
  SCCR2              102D
  PUENTE_LIMPIAR     4234
  C10                000A
  HUMI               0274
  DMT                0013
  ICM                0286
  SEISCIENTOS        405D
  BAUD               102B
  CIEN               40A0
  Symbol Table     D:\Downloads\CajaRegistradora\CajaRegistradora.  PAGE      17

  CINCO              4016
  OFERTA_1_10        452B
  CICLO              41FB
  DOSCIENTOS         408E
  SUMAR_PRECIOS_I    442D
  SUMAR_PRECIOS_J    446F
  AGREGAR_A          42DE
  AGREGAR_B          42E7
  AGREGAR_C          42F0
  AGREGAR_D          42F9
  FCM                0254
  AGREGAR_E          4302
  AGREGAR_F          430B
  NOVECIENTOS        4039
  VAR                0001
  AGREGAR_G          4314
  ADCTL              1030
  AGREGAR_H          431D
  AGREGAR_I          4326
  AGREGAR_J          432F
  IDM                0287
  ARTT               0300
  FUM                0256
  CINCUENTA          40C5
  PROMOCION_1_50     4520
  QUITAR_SIGNO       4246
  TFLG2              1025
  PESOS              4107
  FDM                0255
  DOS                4028
  CUM                0224
  Y_CINCO            40FF
  OPT2               1038
  SIGNO              0002
  CALCULAR_I         43FA
  QUITAR_A           4335
  CALCULAR_J         443C
  QUITAR_B           433D
  QUITAR_C           4345
  QUITAR_D           434D
  QUITAR_E           4355
  QUITAR_F           435D
  QUITAR_G           4365
  QUITAR_H           436D
  QUITAR_I           4375
  QUITAR_J           437D
  PROMOCION_2_10     456A
  ESPERAR            45B8
  C50                0032
  CAMBIAR_SIGNO      4237
  ERR1               0030
  ERR2               0031
  RESET              FFFE
  ERR3               0032
  ERR4               0033
  ENCICLATE          41F5
  ERR5               0034
  OFERTA_1_50        4512
  TREINTA            40D8
  ERR6               0035
  JDMI               0294
  ERR7               0036
  TRESCIENTOS        4082
  ERR8               0037
  ERROR_A            42DB
  Symbol Table     D:\Downloads\CajaRegistradora\CajaRegistradora.  PAGE      18

  ERROR_B            42E4
  ERROR_C            42ED
  ERROR_D            42F6
  ERROR_E            42FF
  ERROR_F            4308
  ERROR_G            4311
  VEINTICINCO        40EC
  ERROR_H            431A
  ERROR_I            4323
  ERROR_J            432C
  ORDEN              0000
  JCM                0296
  HPRIO              103C
  IUMI               0285
  OFERTA_2_10        455B
  GCM                0264
  OCHO               4006
  SCSR               102E
  DIEZ               40E7
  LIMPIAR_ERROR      45B8
  GUM                0266
  ADR1               1031
  ADR2               1032
  ADR3               1033
  ADR4               1034
  SUMAR              424D
  GDM                0265
  PROMOCION_2_50     4553
  UMT                0014
  DUM                0235
  PORTA              1000
  SEIS               4011
  NOVENTA            40A5
  TOTAL              0050
  PORTD              1008
  SETENTA            40B5
  PORTE              100A
  PORTG              1002
  CUATRO             401C
  DDM                0234
  DDRA               1001
  OCHENTA            40AD
  DDRD               1009
  DDRG               1003
  DIR_IMP            007B
  SCDR               102F
  CALCULAR           4385
  VEINTE             40E0
  AC                 0204
  AD                 0205
  PACNT              1027
  SESENTA            40BD
  OFERTA_2_50        4544
  AU                 0206
  SPCR               1028
  BC                 0215
  QUINCE             40F8
  MIL                402C
  BD                 0216
  BCD1               0060
  BCD2               0061
  INICIO             410D
  BCD3               0062
  TA                 0207
  TB                 0217
  Symbol Table     D:\Downloads\CajaRegistradora\CajaRegistradora.  PAGE      19

  TC                 0227
  TD                 0237
  TE                 0247
  TF                 0257
  MSG1               0040
  TG                 0267
  MSG2               0050
  TH                 0277
